// Jest Snapshot v1, https://goo.gl/fbAQLP

exports[`CardSet .sortBy sorts by deck 1`] = `
[
  0x01010C0304,
  0x01010B0303,
  0x01010A0302,
  0x0101090301,
  0x0101080204,
  0x0101070203,
  0x0101060202,
  0x0101050201,
  0x0101040104,
  0x0101030103,
  0x0101020102,
  0x0101010101,
  0x0102180304,
  0x0102170303,
  0x0102160302,
  0x0102150301,
  0x0102140204,
  0x0102130203,
  0x0102120202,
  0x0102110201,
  0x0102100104,
  0x01020F0103,
  0x01020E0102,
  0x01020D0101,
  0x0103240304,
  0x0103230303,
  0x0103220302,
  0x0103210301,
  0x0103200204,
  0x01031F0203,
  0x01031E0202,
  0x01031D0201,
  0x01031C0104,
  0x01031B0103,
  0x01031A0102,
  0x0103190101,
]
`;

exports[`CardSet .sortBy sorts by index 1`] = `
[
  0x0101010101,
  0x0101020102,
  0x0101030103,
  0x0101040104,
  0x0101050201,
  0x0101060202,
  0x0101070203,
  0x0101080204,
  0x0101090301,
  0x01010A0302,
  0x01010B0303,
  0x01010C0304,
  0x01020D0101,
  0x01020E0102,
  0x01020F0103,
  0x0102100104,
  0x0102110201,
  0x0102120202,
  0x0102130203,
  0x0102140204,
  0x0102150301,
  0x0102160302,
  0x0102170303,
  0x0102180304,
  0x0103190101,
  0x01031A0102,
  0x01031B0103,
  0x01031C0104,
  0x01031D0201,
  0x01031E0202,
  0x01031F0203,
  0x0103200204,
  0x0103210301,
  0x0103220302,
  0x0103230303,
  0x0103240304,
]
`;

exports[`CardSet .sortBy sorts by rank 1`] = `
[
  0x0103210301,
  0x01031D0201,
  0x0103190101,
  0x0101090301,
  0x0101050201,
  0x0101010101,
  0x0102150301,
  0x0102110201,
  0x01020D0101,
  0x0103220302,
  0x01031E0202,
  0x01031A0102,
  0x01010A0302,
  0x0101060202,
  0x0101020102,
  0x0102160302,
  0x0102120202,
  0x01020E0102,
  0x0103230303,
  0x01031F0203,
  0x01031B0103,
  0x01010B0303,
  0x0101070203,
  0x0101030103,
  0x0102170303,
  0x0102130203,
  0x01020F0103,
  0x0103240304,
  0x0103200204,
  0x01031C0104,
  0x01010C0304,
  0x0101080204,
  0x0101040104,
  0x0102180304,
  0x0102140204,
  0x0102100104,
]
`;

exports[`CardSet .sortBy sorts by suit 1`] = `
[
  0x01031C0104,
  0x01031B0103,
  0x01031A0102,
  0x0103190101,
  0x0101040104,
  0x0101030103,
  0x0101020102,
  0x0101010101,
  0x0102100104,
  0x01020F0103,
  0x01020E0102,
  0x01020D0101,
  0x0103200204,
  0x01031F0203,
  0x01031E0202,
  0x01031D0201,
  0x0101080204,
  0x0101070203,
  0x0101060202,
  0x0101050201,
  0x0102140204,
  0x0102130203,
  0x0102120202,
  0x0102110201,
  0x0103240304,
  0x0103230303,
  0x0103220302,
  0x0103210301,
  0x01010C0304,
  0x01010B0303,
  0x01010A0302,
  0x0101090301,
  0x0102180304,
  0x0102170303,
  0x0102160302,
  0x0102150301,
]
`;
